// Jest Snapshot v1, https://goo.gl/fbAQLP

exports[`modules should create valid css for ModuleCompat 1`] = `
".module-ModuleCompat .primary{
    color:rgba(255, 0, 0, 0.5);
    margin-top:4px;
}

    .module-ModuleCompat .primary__footer{
        color:blue;
    }

    @media (min-width: 1024px){.module-ModuleCompat .primary{
        color:coral
}
    }

    .module-ModuleCompat .primary:hover .primary__footer{
        color:green;
        -webkit-animation:someRandomAnimation 1s ease-in-out infinite alternate;
                animation:someRandomAnimation 1s ease-in-out infinite alternate;
    }
@-webkit-keyframes someRandomAnimation{
    0%{
        -webkit-transform:scaleX(0);
                transform:scaleX(0);
    }

    100%{
        -webkit-transform:scaleX(1);
                transform:scaleX(1);
    }
}
@keyframes someRandomAnimation{
    0%{
        -webkit-transform:scaleX(0);
                transform:scaleX(0);
    }

    100%{
        -webkit-transform:scaleX(1);
                transform:scaleX(1);
    }
}

"
`;
